// Jest Snapshot v1, https://goo.gl/fbAQLP

exports[`CharCubeSolved should render 1`] = `
<div>
  <div
    class="jsx-2087504289"
  >
    s
  </div>
</div>
`;
